[mind] building feature context (BM25 index, embeddings, rolling popularity, session context)
  reusing cached embeddings article_embeddings.npy
  context ready in 2.9s (session features N/A - has_session_id=false)
  sampled impressions: train=10,000, val=10,000, test=10,000

[Universe A] building feature frames (inview candidates)
  train  357,243 candidates over 10,000 impressions (14900 clicks)
  val    398,429 candidates over 10,000 impressions (15499 clicks)
  test   369,532 candidates over 10,000 impressions (15182 clicks)

[Universe A] training GBDT (LightGBM LambdaRank)
  best iteration 8

[Universe A] training MLP (listwise softmax ranker)
  best val AUC during training: 0.5639

[Universe A] test-split metrics (before vs after re-ranking)
  semantic     AUC 0.6443  MRR 0.3140  nDCG@5 0.3426  nDCG@10 0.4033
  bm25         AUC 0.5702  MRR 0.2658  nDCG@5 0.2836  nDCG@10 0.3445
  popularity   AUC 0.4955  MRR 0.2182  nDCG@5 0.2204  nDCG@10 0.2836
  gbdt         AUC 0.6220  MRR 0.3013  nDCG@5 0.3276  nDCG@10 0.3865
  mlp          AUC 0.5907  MRR 0.2796  nDCG@5 0.2937  nDCG@10 0.3524

[Universe A] paired bootstrap CI, after vs before='semantic' (95% CI excluding zero = statistically significant gain)
  gbdt  auc      delta=-0.0223 [-0.0261, -0.0184]  n=10000  SIGNIFICANT
  gbdt  mrr      delta=-0.0127 [-0.0160, -0.0093]  n=10000  SIGNIFICANT
  gbdt  ndcg@5   delta=-0.0150 [-0.0184, -0.0116]  n=10000  SIGNIFICANT
  gbdt  ndcg@10  delta=-0.0168 [-0.0199, -0.0137]  n=10000  SIGNIFICANT
  mlp   auc      delta=-0.0535 [-0.0607, -0.0465]  n=10000  SIGNIFICANT
  mlp   mrr      delta=-0.0344 [-0.0404, -0.0285]  n=10000  SIGNIFICANT
  mlp   ndcg@5   delta=-0.0490 [-0.0559, -0.0421]  n=10000  SIGNIFICANT
  mlp   ndcg@10  delta=-0.0509 [-0.0569, -0.0448]  n=10000  SIGNIFICANT

[Universe A] top-10 GBDT feature importances (gain, normalised)
  train_clicks_log1p           0.187
  semantic                     0.150
  popularity_rank              0.101
  semantic_rank_in_imp         0.079
  candidate_position_norm      0.074
  inview_size                  0.074
  category_match_rate          0.051
  rolling_clicks_168h          0.046
  hour_of_day                  0.042
  popularity_rank_in_imp       0.037

[Universe B] stage 1: retrieving top-200 per user
  recall@200: 0.2353 (706/3,000 impressions retrieved a click)
  conditional on a retrieved click (706 impressions):
    stage1_order                       AUC 0.6728  MRR 0.0595  nDCG@5 0.0395  nDCG@10 0.0597
    gbdt_inview_applied_to_retrieved   AUC 0.4942  MRR 0.0217  nDCG@5 0.0071  nDCG@10 0.0124
    gbdt - stage1 auc      -0.1786 [-0.1946, -0.1630]  SIGNIFICANT
    gbdt - stage1 mrr      -0.0378 [-0.0469, -0.0296]  SIGNIFICANT
    gbdt - stage1 ndcg@5   -0.0324 [-0.0438, -0.0221]  SIGNIFICANT
    gbdt - stage1 ndcg@10  -0.0473 [-0.0591, -0.0365]  SIGNIFICANT
  end-to-end nDCG@10 = recall@K x conditional: before=0.0141  after=0.0029

  -> /Users/parth/Documents/ire-team/reports/rerank_mind.json
mind exit 0
