[ebnerd] nrms_popfresh_sum_seed13 on cuda
  candidate signals: ['log1p_clicks_1h', 'log1p_clicks_24h', 'log1p_clicks_168h', 'log1p_age_hours']
  data ready in 17.5s: train=192,884 impressions, val=20,000 impressions, test=244,647 impressions; vocab 12,135 x 768
  parameters: 10,882,465 (9,319,680 word embeddings + 1,562,785 attention)

  epoch 1: 193,617 training rows (0 clicks skipped: no non-click to contrast)
    step    500/6051  loss 1.3746  25 batches/s
    step   1000/6051  loss 1.3442  25 batches/s
    step   1500/6051  loss 1.3346  24 batches/s
    step   2000/6051  loss 1.3263  24 batches/s
    step   2500/6051  loss 1.3189  24 batches/s
    step   3000/6051  loss 1.3144  24 batches/s
    step   3500/6051  loss 1.3103  24 batches/s
    step   4000/6051  loss 1.3074  24 batches/s
    step   4500/6051  loss 1.3040  24 batches/s
    step   5000/6051  loss 1.3006  24 batches/s
    step   5500/6051  loss 1.2986  24 batches/s
    step   6000/6051  loss 1.2955  24 batches/s
    step   6051/6051  loss 1.2952  24 batches/s
  epoch 1: train loss 1.2952  val AUC 0.7379  (best so far)  [249s]

  epoch 2: 193,617 training rows (0 clicks skipped: no non-click to contrast)
    step    500/6051  loss 1.2564  25 batches/s
    step   1000/6051  loss 1.2507  24 batches/s
    step   1500/6051  loss 1.2486  24 batches/s
    step   2000/6051  loss 1.2466  24 batches/s
    step   2500/6051  loss 1.2450  24 batches/s
    step   3000/6051  loss 1.2442  24 batches/s
    step   3500/6051  loss 1.2423  24 batches/s
    step   4000/6051  loss 1.2407  24 batches/s
    step   4500/6051  loss 1.2400  24 batches/s
    step   5000/6051  loss 1.2399  24 batches/s
    step   5500/6051  loss 1.2391  24 batches/s
    step   6000/6051  loss 1.2383  24 batches/s
    step   6051/6051  loss 1.2384  24 batches/s
  epoch 2: train loss 1.2384  val AUC 0.7396  (best so far)  [249s]

  epoch 3: 193,617 training rows (0 clicks skipped: no non-click to contrast)
    step    500/6051  loss 1.2144  24 batches/s
    step   1000/6051  loss 1.2167  24 batches/s
    step   1500/6051  loss 1.2188  24 batches/s
    step   2000/6051  loss 1.2153  24 batches/s
    step   2500/6051  loss 1.2129  24 batches/s
    step   3000/6051  loss 1.2137  24 batches/s
    step   3500/6051  loss 1.2128  24 batches/s
    step   4000/6051  loss 1.2134  24 batches/s
    step   4500/6051  loss 1.2121  24 batches/s
    step   5000/6051  loss 1.2117  24 batches/s
    step   5500/6051  loss 1.2105  24 batches/s
    step   6000/6051  loss 1.2099  24 batches/s
    step   6051/6051  loss 1.2101  24 batches/s
  epoch 3: train loss 1.2101  val AUC 0.7399  (best so far)  [248s]

  epoch 4: 193,617 training rows (0 clicks skipped: no non-click to contrast)
    step    500/6051  loss 1.1962  24 batches/s
    step   1000/6051  loss 1.1939  24 batches/s
    step   1500/6051  loss 1.1932  24 batches/s
    step   2000/6051  loss 1.1928  24 batches/s
    step   2500/6051  loss 1.1923  24 batches/s
    step   3000/6051  loss 1.1915  24 batches/s
    step   3500/6051  loss 1.1915  24 batches/s
    step   4000/6051  loss 1.1913  24 batches/s
    step   4500/6051  loss 1.1908  24 batches/s
    step   5000/6051  loss 1.1910  24 batches/s
    step   5500/6051  loss 1.1918  24 batches/s
    step   6000/6051  loss 1.1912  24 batches/s
    step   6051/6051  loss 1.1913  24 batches/s
  epoch 4: train loss 1.1913  val AUC 0.7398  [249s]
  early stop: no val improvement for 1 epoch(s)

  test (244,647 impressions, best epoch 3, scored in 30s)
    auc      0.7234  [0.7223, 0.7245]
    mrr      0.4875  [0.4861, 0.4888]
    ndcg@5   0.5493  [0.5479, 0.5506]
    ndcg@10  0.5939  [0.5928, 0.5950]
  -> /kaggle/working/ire-team/reports/q3/ebnerd_nrms_popfresh_sum_seed13.json
